Flow report for coco3fpga_dw
Wed Aug 04 22:59:03 2021
Quartus Prime Version 17.0.2 Build 602 07/19/2017 SJ Lite Edition


---------------------
; Table of Contents ;
---------------------
  1. Legal Notice
  2. Flow Summary
  3. Flow Settings
  4. Flow Non-Default Global Settings
  5. Flow Elapsed Time
  6. Flow OS Summary
  7. Flow Log
  8. Flow Messages
  9. Flow Suppressed Messages



----------------
; Legal Notice ;
----------------
Copyright (C) 2017  Intel Corporation. All rights reserved.
Your use of Intel Corporation's design tools, logic functions 
and other software and tools, and its AMPP partner logic 
functions, and any output files from any of the foregoing 
(including device programming or simulation files), and any 
associated documentation or information are expressly subject 
to the terms and conditions of the Intel Program License 
Subscription Agreement, the Intel Quartus Prime License Agreement,
the Intel MegaCore Function License Agreement, or other 
applicable license agreement, including, without limitation, 
that your use is for the sole purpose of programming logic 
devices manufactured by Intel and sold by Intel or its 
authorized distributors.  Please refer to the applicable 
agreement for further details.



+----------------------------------------------------------------------------------+
; Flow Summary                                                                     ;
+------------------------------------+---------------------------------------------+
; Flow Status                        ; Successful - Wed Aug 04 22:58:34 2021       ;
; Quartus Prime Version              ; 17.0.2 Build 602 07/19/2017 SJ Lite Edition ;
; Revision Name                      ; coco3fpga_dw                                ;
; Top-level Entity Name              ; coco3fpga_dw                                ;
; Family                             ; Cyclone IV E                                ;
; Device                             ; EP4CE115F29C7                               ;
; Timing Models                      ; Final                                       ;
; Total logic elements               ; 45,873 / 114,480 ( 40 % )                   ;
;     Total combinational functions  ; 45,207 / 114,480 ( 39 % )                   ;
;     Dedicated logic registers      ; 3,098 / 114,480 ( 3 % )                     ;
; Total registers                    ; 3098                                        ;
; Total pins                         ; 64 / 529 ( 12 % )                           ;
; Total virtual pins                 ; 0                                           ;
; Total memory bits                  ; 1,166,390 / 3,981,312 ( 29 % )              ;
; Embedded Multiplier 9-bit elements ; 0 / 532 ( 0 % )                             ;
; Total PLLs                         ; 0 / 4 ( 0 % )                               ;
+------------------------------------+---------------------------------------------+


+-----------------------------------------+
; Flow Settings                           ;
+-------------------+---------------------+
; Option            ; Setting             ;
+-------------------+---------------------+
; Start date & time ; 08/04/2021 22:20:09 ;
; Main task         ; Compilation         ;
; Revision Name     ; coco3fpga_dw        ;
+-------------------+---------------------+


+------------------------------------------------------------------------------------------------------------------------------------------------------+
; Flow Non-Default Global Settings                                                                                                                     ;
+-------------------------------------+------------------------------------------------------------+--------------------+-------------+----------------+
; Assignment Name                     ; Value                                                      ; Default Value      ; Entity Name ; Section Id     ;
+-------------------------------------+------------------------------------------------------------+--------------------+-------------+----------------+
; COMPILER_SIGNATURE_ID               ; 91754779176.162814080804752                                ; --                 ; --          ; --             ;
; CYCLONEII_OPTIMIZATION_TECHNIQUE    ; Speed                                                      ; Balanced           ; --          ; --             ;
; EDA_OUTPUT_DATA_FORMAT              ; None                                                       ; --                 ; --          ; eda_simulation ;
; EDA_TIME_SCALE                      ; 1 ps                                                       ; --                 ; --          ; eda_simulation ;
; FITTER_EFFORT                       ; Standard Fit                                               ; Auto Fit           ; --          ; --             ;
; HDL_MESSAGE_LEVEL                   ; Level3                                                     ; Level2             ; --          ; --             ;
; MAX_CORE_JUNCTION_TEMP              ; 85                                                         ; --                 ; --          ; --             ;
; MIN_CORE_JUNCTION_TEMP              ; 0                                                          ; --                 ; --          ; --             ;
; MISC_FILE                           ; C:/Projects/Coco/V4.1.0_DE2_115/CoCo3FPGA/coco3fpga_dw.dpf ; --                 ; --          ; --             ;
; MISC_FILE                           ; ../CoCO3FPGA_Common/UART_CLK_inst.v                        ; --                 ; --          ; --             ;
; MISC_FILE                           ; ../CoCO3FPGA_Common/UART_CLK_bb.v                          ; --                 ; --          ; --             ;
; MISC_FILE                           ; ../CoCO3FPGA_Common/UART_CLK.ppf                           ; --                 ; --          ; --             ;
; MISC_FILE                           ; ../CoCO3FPGA_Common/disk02_inst.v                          ; --                 ; --          ; --             ;
; MISC_FILE                           ; ../CoCO3FPGA_Common/disk02_bb.v                            ; --                 ; --          ; --             ;
; MISC_FILE                           ; ../CoCo3FPGA_Common/disk02_02_inst.v                       ; --                 ; --          ; --             ;
; MISC_FILE                           ; ../CoCo3FPGA_Common/disk02_02_bb.v                         ; --                 ; --          ; --             ;
; MISC_FILE                           ; ../CoCO3FPGA_Common/PH2_CLK_inst.v                         ; --                 ; --          ; --             ;
; MISC_FILE                           ; ../CoCO3FPGA_Common/PH2_CLK_bb.v                           ; --                 ; --          ; --             ;
; MISC_FILE                           ; ../CoCO3FPGA_Common/PH2_CLK_syn.v                          ; --                 ; --          ; --             ;
; NUM_PARALLEL_PROCESSORS             ; 8                                                          ; --                 ; --          ; --             ;
; OPTIMIZE_HOLD_TIMING                ; IO Paths and Minimum TPD Paths                             ; All Paths          ; --          ; --             ;
; OPTIMIZE_POWER_DURING_SYNTHESIS     ; Off                                                        ; Normal compilation ; --          ; --             ;
; PARTITION_COLOR                     ; -- (Not supported for targeted family)                     ; --                 ; --          ; Top            ;
; PARTITION_FITTER_PRESERVATION_LEVEL ; -- (Not supported for targeted family)                     ; --                 ; --          ; Top            ;
; PARTITION_NETLIST_TYPE              ; -- (Not supported for targeted family)                     ; --                 ; --          ; Top            ;
; PHYSICAL_SYNTHESIS_EFFORT           ; Extra                                                      ; Normal             ; --          ; --             ;
; POWER_BOARD_THERMAL_MODEL           ; None (CONSERVATIVE)                                        ; --                 ; --          ; --             ;
; POWER_PRESET_COOLING_SOLUTION       ; 23 MM HEAT SINK WITH 200 LFPM AIRFLOW                      ; --                 ; --          ; --             ;
; SEARCH_PATH                         ; PS2_Key/                                                   ; --                 ; --          ; --             ;
; SEARCH_PATH                         ; SDCard/                                                    ; --                 ; --          ; --             ;
; SEARCH_PATH                         ; UART_6551/                                                 ; --                 ; --          ; --             ;
; SEARCH_PATH                         ; UART_6850/                                                 ; --                 ; --          ; --             ;
; USE_GENERATED_PHYSICAL_CONSTRAINTS  ; Off                                                        ; --                 ; --          ; eda_blast_fpga ;
+-------------------------------------+------------------------------------------------------------+--------------------+-------------+----------------+


+-------------------------------------------------------------------------------------------------------------------------------+
; Flow Elapsed Time                                                                                                             ;
+---------------------------+--------------+-------------------------+---------------------+------------------------------------+
; Module Name               ; Elapsed Time ; Average Processors Used ; Peak Virtual Memory ; Total CPU Time (on all processors) ;
+---------------------------+--------------+-------------------------+---------------------+------------------------------------+
; Analysis & Synthesis      ; 00:32:30     ; 1.0                     ; 5861 MB             ; 00:32:43                           ;
; Fitter                    ; 00:05:15     ; 1.1                     ; 6877 MB             ; 00:11:32                           ;
; Assembler                 ; 00:00:09     ; 1.0                     ; 4806 MB             ; 00:00:05                           ;
; TimeQuest Timing Analyzer ; 00:00:27     ; 1.3                     ; 5344 MB             ; 00:00:20                           ;
; Total                     ; 00:38:21     ; --                      ; --                  ; 00:44:40                           ;
+---------------------------+--------------+-------------------------+---------------------+------------------------------------+


+-----------------------------------------------------------------------------------------+
; Flow OS Summary                                                                         ;
+---------------------------+------------------+------------+------------+----------------+
; Module Name               ; Machine Hostname ; OS Name    ; OS Version ; Processor type ;
+---------------------------+------------------+------------+------------+----------------+
; Analysis & Synthesis      ; FPGA-721         ; Windows 10 ; 10.0       ; x86_64         ;
; Fitter                    ; FPGA-721         ; Windows 10 ; 10.0       ; x86_64         ;
; Assembler                 ; FPGA-721         ; Windows 10 ; 10.0       ; x86_64         ;
; TimeQuest Timing Analyzer ; FPGA-721         ; Windows 10 ; 10.0       ; x86_64         ;
+---------------------------+------------------+------------+------------+----------------+


------------
; Flow Log ;
------------
quartus_map --read_settings_files=on --write_settings_files=off coco3fpga_dw -c coco3fpga_dw
quartus_fit --read_settings_files=off --write_settings_files=off coco3fpga_dw -c coco3fpga_dw
quartus_asm --read_settings_files=off --write_settings_files=off coco3fpga_dw -c coco3fpga_dw
quartus_sta coco3fpga_dw -c coco3fpga_dw



